node.exe : 
No linha:1 caractere:1
+ & "C:\Program 
Files\nodejs/node.exe" 
"C:\Program 
Files\nodejs/node_mo 
...
+ ~~~~~~~~~~~~~~~~~~~~~
~~~~~~~~~~~~~~~~~~~~~~~
~~~~~~~~~~~~~~~~~~~~~~~
~~
    + CategoryInfo     
         : NotSpecifi  
  ed: (:String) [],    
 RemoteException
    + FullyQualifiedEr 
   rorId : NativeComm  
  andError
 
node:internal/modules/r
un_main:107
    triggerUncaughtExce
ption(
    ^
Error [ERR_MODULE_NOT_F
OUND]: Cannot find 
package 'dotenv' 
imported from C:\Users\
kmoli\prospect lead\pro
spectlead\backend\src\i
ndex.ts
    at Object.getPackag
eJSONURL (node:internal
/modules/package_json_r
eader:316:9)
    at packageResolve (
node:internal/modules/e
sm/resolve:768:81)
    at moduleResolve (n
ode:internal/modules/es
m/resolve:858:18)
    at defaultResolve (
node:internal/modules/e
sm/resolve:990:11)
    at nextResolve (nod
e:internal/modules/esm/
hooks:785:28)
    at resolveBase (fil
e:///C:/Users/kmoli/App
Data/Local/npm-cache/_n
px/fd45a72a545557e9/nod
e_modules/tsx/dist/esm/
index.mjs?1773455943868
:2:3744)
    at 
resolveDirectory (file:
///C:/Users/kmoli/AppDa
ta/Local/npm-cache/_npx
/fd45a72a545557e9/node_
modules/tsx/dist/esm/in
dex.mjs?1773455943868:2
:4243)
    at resolveTsPaths (
file:///C:/Users/kmoli/
AppData/Local/npm-cache
/_npx/fd45a72a545557e9/
node_modules/tsx/dist/e
sm/index.mjs?1773455943
868:2:4984)
    at resolve (file://
/C:/Users/kmoli/AppData
/Local/npm-cache/_npx/f
d45a72a545557e9/node_mo
dules/tsx/dist/esm/inde
x.mjs?1773455943868:2:5
361)
    at nextResolve (nod
e:internal/modules/esm/
hooks:785:28) {
  code: 
'ERR_MODULE_NOT_FOUND'
}

Node.js v24.12.0
